// Jest Snapshot v1, https://goo.gl/fbAQLP

exports[`HabitCreateName component match snapshot 1`] = `
"<div className=\\"habitCreateName-wrapper\\">
  HabitCreateName Component
</div>"
`;
