// Jest Snapshot v1, https://goo.gl/fbAQLP

exports[`Chain Item Score matches snapshot 1`] = `
"<ChainItemScore status=\\"habitStatus/completed\\" color=\\"green\\" value={3}>
  <span className=\\"score-wrapper\\" style={{...}}>
    +3
  </span>
</ChainItemScore>"
`;
