// Jest Snapshot v1, https://goo.gl/fbAQLP

exports[`HabitCreateColor component match snapshot 1`] = `
"<div className=\\"habitCreateColor-wrapper\\">
  HabitCreateColor Component
</div>"
`;
