// Jest Snapshot v1, https://goo.gl/fbAQLP

exports[`Material Icon Component match snapshot 1`] = `"<span className=\\"material-icon mdi mdi-sample\\" style={{...}} />"`;
