// Jest Snapshot v1, https://goo.gl/fbAQLP

exports[`HabitCreate component match snapshot 1`] = `
"<div className=\\"habitCreate-wrapper\\">
  HabitCreate Component
</div>"
`;
