// Jest Snapshot v1, https://goo.gl/fbAQLP

exports[`HabitsPage component match snapshot 1`] = `
"<div className=\\"habitsPage-wrapper\\">
  <WithStyles(HabitsHeader) />
</div>"
`;
